........................................................................................................
----------------------------------------------------------------------
Ran 104 tests

OK
